components/CultureHub.tsx(139,4): error TS1472: 'catch' or 'finally' expected.
components/CultureHub.tsx(342,1): error TS1005: '}' expected.
